Flutter crash report.
Please report a bug at https://github.com/flutter/flutter/issues.

## command

flutter pub get --no-example

## exception

PathExistsException: PathExistsException: Cannot create link, path = 'C:\Users\abdo\Desktop\syria_market_2028\linux\flutter\ephemeral\.plugin_symlinks\jni' (OS Error: Cannot create a file when that file already exists, errno = 183)

```
#0      _Link.throwIfError (dart:io/link.dart:358:7)
#1      _Link.createSync (dart:io/link.dart:276:5)
#2      ForwardingLink.createSync (package:file/src/forwarding/forwarding_link.dart:20:16)
#3      ErrorHandlingLink.createSync.<anonymous closure> (package:flutter_tools/src/base/error_handling_io.dart:891:22)
#4      _runSync (package:flutter_tools/src/base/error_handling_io.dart:1116:16)
#5      ErrorHandlingLink.createSync (package:flutter_tools/src/base/error_handling_io.dart:890:5)
#6      _createPlatformPluginSymlinks (package:flutter_tools/src/flutter_plugins.dart:1199:12)
#7      createPluginSymlinks (package:flutter_tools/src/flutter_plugins.dart:1123:5)
#8      refreshPluginsList (package:flutter_tools/src/flutter_plugins.dart:1248:5)
<asynchronous suspension>
#9      FlutterProject.ensureReadyForPlatformSpecificTooling (package:flutter_tools/src/project.dart:401:5)
<asynchronous suspension>
#10     PackagesGetCommand.runCommand (package:flutter_tools/src/commands/packages.dart:395:9)
<asynchronous suspension>
#11     FlutterCommand.run.<anonymous closure> (package:flutter_tools/src/runner/flutter_command.dart:1630:27)
<asynchronous suspension>
#12     AppContext.run.<anonymous closure> (package:flutter_tools/src/base/context.dart:154:19)
<asynchronous suspension>
#13     CommandRunner.runCommand (package:args/command_runner.dart:212:13)
<asynchronous suspension>
#14     FlutterCommandRunner.runCommand.<anonymous closure> (package:flutter_tools/src/runner/flutter_command_runner.dart:496:9)
<asynchronous suspension>
#15     AppContext.run.<anonymous closure> (package:flutter_tools/src/base/context.dart:154:19)
<asynchronous suspension>
#16     FlutterCommandRunner.runCommand (package:flutter_tools/src/runner/flutter_command_runner.dart:431:5)
<asynchronous suspension>
#17     FlutterCommandRunner.run.<anonymous closure> (package:flutter_tools/src/runner/flutter_command_runner.dart:307:33)
<asynchronous suspension>
#18     run.<anonymous closure>.<anonymous closure> (package:flutter_tools/runner.dart:104:11)
<asynchronous suspension>
#19     AppContext.run.<anonymous closure> (package:flutter_tools/src/base/context.dart:154:19)
<asynchronous suspension>
#20     main (package:flutter_tools/executable.dart:103:3)
<asynchronous suspension>
```

## flutter doctor

```
[✓] Flutter (Channel stable, 3.44.7, on Microsoft Windows [Version 10.0.19045.6466], locale ar-SA) [2.1s]
    • Flutter version 3.44.7 on channel stable at C:\flutter
    • Upstream repository https://github.com/flutter/flutter.git
    • Framework revision 84fc5cbb22 (5 weeks ago), 2026-07-17 10:20:17 -0700
    • Engine revision 69c8c61792
    • Dart version 3.12.2
    • DevTools version 2.57.0
    • Feature flags: enable-web, enable-linux-desktop, enable-macos-desktop, enable-windows-desktop, enable-android, enable-ios, cli-animations, enable-native-assets, enable-swift-package-manager, omit-legacy-version-file, enable-lldb-debugging, enable-uiscene-migration

[✓] Windows Version (?? 10 Pro 64-bit, 22H2, 2009) [14.6s]

[!] Android toolchain - develop for Android devices [161ms]
    • Android SDK at C:\Android
    • Emulator version unknown
    ✗ Unable to locate Android SDK.
      Install Android Studio from: https://developer.android.com/studio/index.html
      On first launch it will assist you in installing the Android SDK components.
      (or visit https://flutter.dev/to/windows-android-setup for detailed instructions).
      If the Android SDK has been installed to a custom location, please use
      `flutter config --android-sdk` to update to that location.

    • ANDROID_HOME = C:\Android\sdk
    ✗ No valid Android SDK platforms found in C:\Android\platforms. Directory was empty.
    • Try re-installing or updating your Android SDK,
      visit https://flutter.dev/to/windows-android-setup for detailed instructions.

[✓] Chrome - develop for the web [52ms]
    • Chrome at C:\Program Files\Google\Chrome\Application\chrome.exe

[✗] Visual Studio - develop Windows apps [48ms]
    ✗ Visual Studio not installed; this is necessary to develop Windows apps.
      Download at https://visualstudio.microsoft.com/downloads/.
      Please install the "Desktop development with C++" workload, including all of its default components

[✓] Connected device (3 available) [2.1s]
    • Windows (desktop) • windows • windows-x64    • Microsoft Windows [Version 10.0.19045.6466]
    • Chrome (web)      • chrome  • web-javascript • Google Chrome 151.0.7922.172
    • Edge (web)        • edge    • web-javascript • Microsoft Edge 151.0.4129.101

[✓] Network resources [1,174ms]
    • All expected network resources are available.

! Doctor found issues in 2 categories.
```
